[13:59:12] [orchestrator] Starting distributed evolution loop
[13:59:12] [orchestrator] 
============================================================
[13:59:12] [orchestrator]   DISTRIBUTED EVOLUTION ROUND 1
[13:59:12] [orchestrator] ============================================================

[13:59:12] [orchestrator] Starting distributed evolution across all tiers
[13:59:12] [mac_m4] Starting Mac M4 evolution cycle[13:59:12] [oracle_arm_1] Starting Oracle ARM evolution on oracle-micro
[13:59:12] [oracle_arm_2] Starting Oracle ARM evolution on oracle-micro-2
[13:59:12] [oracle_arm_2] Cycle 1/2
[13:59:12] [mac_m4] Cycle 1/3
[13:59:12] [kaggle_t4] Starting Kaggle evolution

[13:59:12] [orchestrator] Tier nvidia_api failed: run_nvidia_distill() got an unexpected keyword argument 'cycles'
[13:59:12] [orchestrator] Tier groq_api failed: run_groq_distill() got an unexpected keyword argument 'cycles'
[13:59:12] [oracle_arm_1] Cycle 1/2
[13:59:19] [oracle_arm_2] SSH command failed: bash: line 1: cd: /home/ubuntu/sov-evolution: No such file or directory

[13:59:19] [oracle_arm_2] Cycle 2/2
[13:59:20] [oracle_arm_1] SSH command failed: bash: line 1: cd: /home/ubuntu/sov-evolution: No such file or directory

[13:59:20] [oracle_arm_1] Cycle 2/2
[13:59:22] [oracle_arm_1] SSH command failed: bash: line 1: cd: /home/ubuntu/sov-evolution: No such file or directory

[13:59:22] [oracle_arm_1] Done. Best: 0.0%
[13:59:22] [orchestrator] Tier oracle_arm_1 completed: completed
[13:59:23] [oracle_arm_2] SSH command failed: bash: line 1: cd: /home/ubuntu/sov-evolution: No such file or directory

[13:59:23] [oracle_arm_2] Done. Best: 0.0%
[13:59:23] [orchestrator] Tier oracle_arm_2 completed: completed
[14:00:26] [mac_m4] Benchmark: 34.1%
[14:00:26] [mac_m4] Training on weak domains: ['eu_ai_act', 'defence', 'governance', 'safety', 'robustness']
[14:00:27] [mac_m4] Cycle 2/3
[14:00:57] [mac_m4] Benchmark: 61.5%
[14:00:57] [mac_m4] Training on weak domains: ['defence', 'safety', 'robustness']
[14:00:57] [mac_m4] Cycle 3/3
[14:02:06] [mac_m4] Benchmark: 80.0%
[14:02:06] [mac_m4] Training on weak domains: ['defence', 'robustness']
[14:02:07] [mac_m4] Done. Best: 80.0%
[14:02:07] [orchestrator] Tier mac_m4 completed: completed
[14:59:55] [kaggle_t4] Error: Command '['bash', '/Users/nicholas/clawd/csoai-static-deploy2/free_gpu/kaggle_evolve.sh']' timed out after 3600 seconds
[14:59:55] [orchestrator] Tier kaggle_t4 completed: error
[14:59:55] [orchestrator] Syncing results from all tiers
[14:59:55] [orchestrator] Report saved: /Users/nicholas/clawd/csoai-static-deploy2/asi_results/distributed/sync_report.json

=== DISTRIBUTED EVOLUTION SYNC REPORT ===

Timestamp: 2026-07-27T13:59:55.550474+00:00
Tiers completed: 3/6
Best score: 80.0% (mac_m4)
Total distilled: 0

Per-tier:
  mac_m4                status=completed   best=80.0%  distilled=0
  oracle_arm_1          status=completed   best=0.0%  distilled=0
  oracle_arm_2          status=completed   best=0.0%  distilled=0
  kaggle_t4             status=error       best=0.0%  distilled=0
[14:59:55] [orchestrator] Merging distilled data from all tiers
[14:59:55] [orchestrator] No distilled data to merge
[14:59:55] [orchestrator] 
Round 1 complete. Sleeping 300s...
[15:04:55] [orchestrator] 
============================================================
[15:04:55] [orchestrator]   DISTRIBUTED EVOLUTION ROUND 2
[15:04:55] [orchestrator] ============================================================

[15:04:55] [orchestrator] Starting distributed evolution across all tiers
[15:04:55] [mac_m4] Starting Mac M4 evolution cycle
[15:04:55] [oracle_arm_1] Starting Oracle ARM evolution on oracle-micro
[15:04:55] [oracle_arm_2] Starting Oracle ARM evolution on oracle-micro-2
[15:04:55] [mac_m4] Cycle 1/3
[15:04:55] [kaggle_t4] Starting Kaggle evolution[15:04:55] [oracle_arm_2] Cycle 1/2
[15:04:55] [oracle_arm_1] Cycle 1/2

[15:04:55] [orchestrator] Tier nvidia_api failed: run_nvidia_distill() got an unexpected keyword argument 'cycles'
[15:04:55] [orchestrator] Tier groq_api failed: run_groq_distill() got an unexpected keyword argument 'cycles'Python(58011) MallocStackLogging: can't turn off malloc stack logging because it was not enabled.

Python(58012) MallocStackLogging: can't turn off malloc stack logging because it was not enabled.
Python(58013) MallocStackLogging: can't turn off malloc stack logging because it was not enabled.
Python(58014) MallocStackLogging: can't turn off malloc stack logging because it was not enabled.
Python(58015) MallocStackLogging: can't turn off malloc stack logging because it was not enabled.
[15:04:55] [oracle_arm_2] SSH command failed: No user exists for uid 501

[15:04:55] [oracle_arm_1] SSH command failed: No user exists for uid 501

[15:04:55] [oracle_arm_2] Cycle 2/2
[15:04:55] [oracle_arm_1] Cycle 2/2
Python(58018) MallocStackLogging: can't turn off malloc stack logging because it was not enabled.
Python(58020) MallocStackLogging: can't turn off malloc stack logging because it was not enabled.
Python(58021) MallocStackLogging: can't turn off malloc stack logging because it was not enabled.
Python(58023) MallocStackLogging: can't turn off malloc stack logging because it was not enabled.
[15:04:55] [oracle_arm_2] SSH command failed: No user exists for uid 501

[15:04:55] [oracle_arm_2] Done. Best: 0.0%
[15:04:55] [orchestrator] Tier oracle_arm_2 completed: completed
[15:04:55] [oracle_arm_1] SSH command failed: No user exists for uid 501

[15:04:55] [oracle_arm_1] Done. Best: 0.0%
[15:04:55] [orchestrator] Tier oracle_arm_1 completed: completed
[15:04:56] [kaggle_t4] Kaggle script exit: 1
[15:04:56] [kaggle_t4] stdout: === Kaggle Evolution ===
Kernel: sov33-asi-evolve

Pushing kernel to Kaggle...

[15:04:56] [orchestrator] Tier kaggle_t4 completed: completed
[15:05:25] [mac_m4] Benchmark: 7.0%
[15:05:25] [mac_m4] Training on weak domains: ['eu_ai_act', 'defence', 'governance', 'math', 'safety', 'robustness']
Python(58306) MallocStackLogging: can't turn off malloc stack logging because it was not enabled.
Python(58308) MallocStackLogging: can't turn off malloc stack logging because it was not enabled.
[15:05:25] [mac_m4] Cycle 2/3
[15:05:41] [mac_m4] Benchmark: 58.1%
[15:05:41] [mac_m4] Training on weak domains: ['defence', 'math', 'safety', 'robustness']
Python(58917) MallocStackLogging: can't turn off malloc stack logging because it was not enabled.
Python(58939) MallocStackLogging: can't turn off malloc stack logging because it was not enabled.
[15:05:41] [mac_m4] Cycle 3/3
[15:05:55] [mac_m4] Benchmark: 80.0%
[15:05:55] [mac_m4] Training on weak domains: ['defence', 'robustness']
Python(61049) MallocStackLogging: can't turn off malloc stack logging because it was not enabled.
Python(61059) MallocStackLogging: can't turn off malloc stack logging because it was not enabled.
[15:05:55] [mac_m4] Done. Best: 80.0%
[15:05:55] [orchestrator] Tier mac_m4 completed: completed
[15:05:55] [orchestrator] Syncing results from all tiers
[15:05:55] [orchestrator] Report saved: /Users/nicholas/clawd/csoai-static-deploy2/asi_results/distributed/sync_report.json

=== DISTRIBUTED EVOLUTION SYNC REPORT ===

Timestamp: 2026-07-27T14:05:55.671850+00:00
Tiers completed: 4/6
Best score: 80.0% (mac_m4)
Total distilled: 0

Per-tier:
  mac_m4                status=completed   best=80.0%  distilled=0
  oracle_arm_1          status=completed   best=0.0%  distilled=0
  oracle_arm_2          status=completed   best=0.0%  distilled=0
  kaggle_t4             status=completed   best=0.0%  distilled=0
[15:05:55] [orchestrator] Merging distilled data from all tiers
[15:05:55] [orchestrator] No distilled data to merge
[15:05:55] [orchestrator] 
Round 2 complete. Sleeping 300s...
[15:10:55] [orchestrator] 
============================================================
[15:10:55] [orchestrator]   DISTRIBUTED EVOLUTION ROUND 3
[15:10:55] [orchestrator] ============================================================

[15:10:55] [orchestrator] Starting distributed evolution across all tiers
[15:10:55] [mac_m4] Starting Mac M4 evolution cycle
[15:10:55] [oracle_arm_1] Starting Oracle ARM evolution on oracle-micro
[15:10:55] [mac_m4] Cycle 1/3