[2026-07-27T12:59:11Z] === EAT CYCLE START ===
[2026-07-27T12:59:11Z] Phase 1: Overnight EAT benchmarks...
=== SOV OVERNIGHT EAT PIPELINE ===

{
  "timestamp": "2026-07-27T12:59:12.479812+00:00",
  "benchmarks": {
    "mmlu_pro": {
      "passed": 3,
      "tested": 3,
      "score_pct": 100.0
    },
    "gsm8k": {
      "passed": 3,
      "tested": 3,
      "score_pct": 100.0
    },
    "arc_challenge": {
      "passed": 1,
      "tested": 2,
      "score_pct": 50.0
    },
    "hellaswag": {
      "passed": 1,
      "tested": 2,
      "score_pct": 50.0
    },
    "gaia": {
      "passed": 2,
      "tested": 2,
      "score_pct": 100.0
    },
    "hotpotqa": {
      "passed": 2,
      "tested": 2,
      "score_pct": 100.0
    }
  },
  "sigil": "8ec36ff01e54b0ff"
}
