======================================================================
  EAT STACK — 2 model(s), offline, $0
======================================================================

### sov33-v7:latest
  [1/3] CompBench (110 capability tasks) ...
  [2/3] EAT weak-dimension (baseline vs RAG) ...
  [3/3] GovBench (15 behavioural dims + SIGIL) ...

### sov-sovereign-v4:latest
  [1/3] CompBench (110 capability tasks) ...
  [2/3] EAT weak-dimension (baseline vs RAG) ...
  [3/3] GovBench (15 behavioural dims + SIGIL) ...

======================================================================
  EAT STACK — COMBINED LEADERBOARD
======================================================================
  model                       CompBench  EAT base  EAT ctx  RAG lift
  sov33-v7:latest                  75.5      16.6     47.6     +31.0
  sov-sovereign-v4:latest          75.5      16.6     47.6     +31.0
======================================================================
  SIGIL: f4f48f0d7b450207d1aeec40ea33e7d2...
  -> /Users/nicholas/clawd/csoai-static-deploy2/benchmark-results/eat_stack/eat_stack_report.json
