[find_besT] 90 local models; 21 sovereign subjects (Day-1 fast board)
[find_besT] scoring clan-csoai-cited:latest (care_battery + flywheel probe)…
[find_besT] scoring clan-csoai-plain:latest (care_battery + flywheel probe)…
[find_besT] scoring clan-csoai-refusing:latest (care_battery + flywheel probe)…
[find_besT] scoring clan-defoneos-cited:latest (care_battery + flywheel probe)…
[find_besT] scoring clan-defoneos-plain:latest (care_battery + flywheel probe)…
[find_besT] scoring clan-defoneos-refusing:latest (care_battery + flywheel probe)…
[find_besT] scoring clan-law-cited:latest (care_battery + flywheel probe)…
[find_besT] scoring clan-law-plain:latest (care_battery + flywheel probe)…
[find_besT] scoring clan-law-refusing:latest (care_battery + flywheel probe)…
[find_besT] scoring clan-meok-cited:latest (care_battery + flywheel probe)…
[find_besT] scoring clan-meok-plain:latest (care_battery + flywheel probe)…
[find_besT] scoring clan-meok-refusing:latest (care_battery + flywheel probe)…
[find_besT] scoring clan-redress-cited:latest (care_battery + flywheel probe)…
[find_besT] scoring clan-redress-plain:latest (care_battery + flywheel probe)…
[find_besT] scoring clan-redress-refusing:latest (care_battery + flywheel probe)…
[find_besT] scoring clan-sovereignty-cited:latest (care_battery + flywheel probe)…
[find_besT] scoring clan-sovereignty-plain:latest (care_battery + flywheel probe)…
[find_besT] scoring clan-sovereignty-refusing:latest (care_battery + flywheel probe)…
[find_besT] scoring sov-sovereign-v4:latest (care_battery + flywheel probe)…
[find_besT] scoring sov33-unified:latest (care_battery + flywheel probe)…
[find_besT] scoring sov33-v7:latest (care_battery + flywheel probe)…
[find_besT] board → /Users/nicholas/clawd/csoai-static-deploy2/benchmark-results/find_besT_2026-07-30.json
[find_besT] leader top-3:
  sov33-unified:latest                 composite=3.1564
  clan-sovereignty-cited:latest        composite=2.0471
  clan-csoai-cited:latest              composite=2.0386

>>> BEST: sov33-unified:latest (composite 3.1564) <<<
