[find_besT] 90 local models; 21 sovereign subjects (Day-1 fast board)
[find_besT] scoring clan-csoai-cited:latest (care_battery + flywheel probe)…
[find_besT] scoring clan-csoai-plain:latest (care_battery + flywheel probe)…
[find_besT] scoring clan-csoai-refusing:latest (care_battery + flywheel probe)…
[find_besT] scoring clan-defoneos-cited:latest (care_battery + flywheel probe)…
[find_besT] scoring clan-defoneos-plain:latest (care_battery + flywheel probe)…
[find_besT] scoring clan-defoneos-refusing:latest (care_battery + flywheel probe)…
[find_besT] scoring clan-law-cited:latest (care_battery + flywheel probe)…
[find_besT] scoring clan-law-plain:latest (care_battery + flywheel probe)…
[find_besT] scoring clan-law-refusing:latest (care_battery + flywheel probe)…
[find_besT] scoring clan-meok-cited:latest (care_battery + flywheel probe)…
[find_besT] scoring clan-meok-plain:latest (care_battery + flywheel probe)…
[find_besT] scoring clan-meok-refusing:latest (care_battery + flywheel probe)…
[find_besT] scoring clan-redress-cited:latest (care_battery + flywheel probe)…
[find_besT] scoring clan-redress-plain:latest (care_battery + flywheel probe)…
[find_besT] scoring clan-redress-refusing:latest (care_battery + flywheel probe)…
[find_besT] scoring clan-sovereignty-cited:latest (care_battery + flywheel probe)…
[find_besT] scoring clan-sovereignty-plain:latest (care_battery + flywheel probe)…
[find_besT] scoring clan-sovereignty-refusing:latest (care_battery + flywheel probe)…
[find_besT] scoring sov-sovereign-v4:latest (care_battery + flywheel probe)…
[find_besT] scoring sov33-unified:latest (care_battery + flywheel probe)…
[find_besT] sov33-unified:latest UNREACHABLE (TimeoutError)
[find_besT] sov33-unified:latest UNREACHABLE (TimeoutError)
[find_besT] sov33-unified:latest UNREACHABLE (TimeoutError)
